// Jest Snapshot v1, https://goo.gl/fbAQLP

exports[`body component should render the component without the page context 1`] = `
<div
  id="body-nodes"
/>
`;
