// Jest Snapshot v1, https://goo.gl/fbAQLP

exports[`site-footer component should render the component 1`] = `
<footer
  className="site-footer"
>
  Footer
</footer>
`;
