// Jest Snapshot v1, https://goo.gl/fbAQLP

exports[`Layout component should render the component 1`] = `
<div
  className="layout"
>
  <Connect(SiteHeader) />
  <main
    className="main-content"
  >
    <div
      className=""
    />
  </main>
  <SiteFooter />
</div>
`;
